error: invalid flag: src/main/java/burp/dictionary/EnhancedDictionaryManager.java src/main/java/burp/dictionary/HistoryManager.java src/main/java/burp/util/ContextAnalyzer.java src/main/java/burp/DictionaryManager.java src/main/java/burp/ConfigManager.java src/main/java/burp/FuzzPayloadGenerator.java src/main/java/burp/BurpExtender.java src/main/java/burp/ui/TransformConfigPanel.java src/main/java/burp/ui/HistoryPanel.java src/main/java/burp/ui/StatisticsPanel.java src/main/java/burp/ui/SearchPanel.java src/main/java/burp/AIGenerator.java src/main/java/burp/payload/PayloadTransformer.java src/main/java/burp/payload/PayloadTransformerFactory.java src/main/java/burp/FuzzMindTab.java src/main/java/burp/ai/AIProvider.java src/main/java/burp/ai/OpenAICompatibleProvider.java 
Usage: javac <options> <source files>
use --help for a list of possible options
